[sweethome.marstheme.com/index.html]
[backblue.gif]
[fade.gif]
[index.html]
[sweethome.marstheme.com/wp-content/themes/sweethome/index.html]
[sweethome.marstheme.com/wp-admin/admin-ajax.html]
[sweethome.marstheme.com/wp-content/plugins/siteorigin-panels/css/front53cf.css]
[sweethome.marstheme.com/wp-content/plugins/contact-form-7/includes/css/styles0235.css]
[sweethome.marstheme.com/wp-content/plugins/woocommerce/assets/css/woocommerce-layout7e78.css]
[sweethome.marstheme.com/home-page/feed/index.html]
[sweethome.marstheme.com/feed/index.html]
[sweethome.marstheme.com/wp-content/plugins/woocommerce/assets/css/woocommerce-smallscreen7e78.css]
[sweethome.marstheme.com/wp-content/plugins/woocommerce/assets/css/woocommerce7e78.css]
[sweethome.marstheme.com/comments/feed/index.html]
[netdna.bootstrapcdn.com/bootstrap/3.1.1/css/bootstrap.min3a05.css]
[sweethome.marstheme.com/wp-content/themes/sweethome/assets/css/bootstrap-theme.min3a05.css]
[sweethome.marstheme.com/wp-content/themes/sweethome/assets/css/font-awesome.min3a05.css]
[sweethome.marstheme.com/wp-content/themes/sweethome/assets/css/flexslider3a05.css]
[sweethome.marstheme.com/wp-content/themes/sweethome/assets/css/select-theme-default3a05.css]
[sweethome.marstheme.com/wp-content/themes/sweethome/assets/css/owl.carousel3a05.css]
[sweethome.marstheme.com/wp-content/themes/sweethome/assets/css/owl.theme3a05.css]
[sweethome.marstheme.com/wp-content/themes/sweethome/assets/css/woocommerce3a05.css]
[sweethome.marstheme.com/wp-content/themes/sweethome-child/style.css]
[sweethome.marstheme.com/wp-content/plugins/jetpack/css/jetpackcd45.css]
[sweethome.marstheme.com/wp-includes/js/jquery/jquery-migrate.min1576.js]
[sweethome.marstheme.com/xmlrpc0db0.php]
[sweethome.marstheme.com/wp-includes/wlwmanifest.xml]
[sweethome.marstheme.com/wp-includes/js/jquery/jquery4a80.js]
[sweethome.marstheme.com/wp-content/themes/sweethome/assets/img/logo.png]
[sweethome.marstheme.com/wp-content/uploads/2014/06/slide-031-1920x638.jpg]
[sweethome.marstheme.com/property/index.html]
[sweethome.marstheme.com/wp-content/uploads/2014/06/slide-021-1920x638.jpg]
[sweethome.marstheme.com/agent/index.html]
[sweethome.marstheme.com/news/index.html]
[sweethome.marstheme.com/wp-content/uploads/2014/06/slide-011-1920x638.jpg]
[sweethome.marstheme.com/page-fullwidth/index.html]
[sweethome.marstheme.com/page-right-sidebar/index.html]
[sweethome.marstheme.com/wp-content/uploads/2014/06/17_img-7-370x270.png]
[sweethome.marstheme.com/page-left-sidebar/index.html]
[sweethome.marstheme.com/wp-content/uploads/2014/06/06_img-5-370x270.png]
[sweethome.marstheme.com/contact-us/index.html]
[sweethome.marstheme.com/wp-content/uploads/2014/06/02_img-1-370x270.png]
[sweethome.marstheme.com/shop/index.html]
[sweethome.marstheme.com/wp-content/uploads/2014/06/slide-02-370x270.jpg]
[sweethome.marstheme.com/wp-content/uploads/2014/06/slide-03-370x270.jpg]
[sweethome.marstheme.com/my-account/index.html]
[sweethome.marstheme.com/wp-content/uploads/2014/06/13_agent-photo5-270x256.png]
[sweethome.marstheme.com/cart/index.html]
[sweethome.marstheme.com/wp-content/uploads/2014/06/09_agent-photo2-270x256.png]
[sweethome.marstheme.com/property/6571-mill-creek-cir/index.html]
[sweethome.marstheme.com/wp-content/uploads/2014/06/08_agent-photo1-270x256.png]
[sweethome.marstheme.com/property/6571-mill-creek-cir-6/index.html]
[sweethome.marstheme.com/wp-content/uploads/2014/06/12_agent-photo4-270x256.png]
[sweethome.marstheme.com/wp-content/uploads/2014/06/11_agent-photo3-270x256.png]
[sweethome.marstheme.com/property/6571-mill-creek-cir-5/index.html]
[sweethome.marstheme.com/property/6571-mill-creek-cir-3/index.html]
[sweethome.marstheme.com/wp-content/uploads/2014/06/logo.png]
[sweethome.marstheme.com/ptype/building/index.html]
[sweethome.marstheme.com/wp-content/plugins/contact-form-7/includes/js/jquery.form.mind03d.js]
[sweethome.marstheme.com/property/1141-14th-street-south-5/index.html]
[sweethome.marstheme.com/wp-content/plugins/contact-form-7/includes/js/scripts0235.js]
[sweethome.marstheme.com/property/index117a.html]
[sweethome.marstheme.com/wp-content/plugins/woocommerce/assets/js/frontend/add-to-cart.min7e78.js]
[sweethome.marstheme.com/property/2211-summer-ridge-dr-3/index.html]
[sweethome.marstheme.com/wp-content/plugins/woocommerce/assets/js/jquery-blockui/jquery.blockUI.minc8cb.js]
[sweethome.marstheme.com/property/6571-mill-creek-cir-2/index.html]
[sweethome.marstheme.com/wp-content/plugins/woocommerce/assets/js/frontend/woocommerce.min7e78.js]
[sweethome.marstheme.com/wp-content/plugins/woocommerce/assets/js/jquery-cookie/jquery.cookie.min330a.js]
[sweethome.marstheme.com/ptype/house/index.html]
[sweethome.marstheme.com/wp-content/plugins/woocommerce/assets/js/frontend/cart-fragments.min7e78.js]
[s0.wp.com/wp-content/js/devicepx-jetpack7b31.js]
[sweethome.marstheme.com/property/1141-14th-street-south-2/index.html]
[s.gravatar.com/js/gprofiles9413.js]
[sweethome.marstheme.com/property/1141-14th-street-south-3/index.html]
[sweethome.marstheme.com/agent/elton-smith/index.html]
[sweethome.marstheme.com/wp-content/plugins/jetpack/modules/wpgroho3a05.js]
[sweethome.marstheme.com/agent/john-nguyen-2/index.html]
[sweethome.marstheme.com/wp-includes/js/comment-reply.min3a05.js]
[sweethome.marstheme.com/agent/robb-hatman-2/index.html]
[sweethome.marstheme.com/agent/robb-hatman-3/index.html]
[sweethome.marstheme.com/agent/faton/index.html]
[netdna.bootstrapcdn.com/bootstrap/3.1.1/js/bootstrap.min3a05.js]
[sweethome.marstheme.com/agent/toan-nguyen/index.html]
[sweethome.marstheme.com/lorem-ipsum-dolor-sit-amet-consectetur-adipiscing-elit-2/index.html]
[sweethome.marstheme.com/wp-content/themes/sweethome/assets/js/jquery.flexslider-min3a05.js]
[sweethome.marstheme.com/pellentesque-sit-amet-feugiat-nunc-praesent-porta-volutpat-5/index.html]
[sweethome.marstheme.com/nam-consequat-sapien-ac-magna-cursus-molestie-4/index.html]
[sweethome.marstheme.com/pellentesque-sit-amet-feugiat-nunc-praesent-porta-volutpat-6/index.html]
[sweethome.marstheme.com/wp-content/themes/sweethome/assets/js/select.min3a05.js]
[sweethome.marstheme.com/wp-content/themes/sweethome/assets/js/owl.carousel.min3a05.js]
[sweethome.marstheme.com/wp-content/themes/sweethome/assets/js/script3a05.js]
[sweethome.marstheme.com/wp-content/themes/sweethome/assets/js/custom3a05.js]
[sweethome.marstheme.com/pellentesque-sit-amet-feugiat-nunc-praesent-porta-volutpat-2/index.html]
[sweethome.marstheme.com/wp-content/themes/sweethome/assets/js/gmap3a05.js]
[sweethome.marstheme.com/index.html]
[sweethome.marstheme.com/xmlrpc.php]
[sweethome.marstheme.com/wp-content/themes/sweethome/index.html]
[sweethome.marstheme.com/wp-admin/admin-ajax.html]
[sweethome.marstheme.com/wp-content/plugins/siteorigin-panels/css/front53cf.css]
[sweethome.marstheme.com/wp-content/plugins/contact-form-7/includes/css/styles0235.css]
[sweethome.marstheme.com/wp-content/plugins/woocommerce/assets/css/woocommerce-layout7e78.css]
[sweethome.marstheme.com/wp-content/plugins/woocommerce/assets/css/woocommerce-smallscreen7e78.css]
[stats.wp.com/e-201524.js]
[sweethome.marstheme.com/wp-content/plugins/woocommerce/assets/fonts/star.eot]
[sweethome.marstheme.com/wp-content/plugins/woocommerce/assets/fonts/stard41d.eot]
[sweethome.marstheme.com/wp-content/plugins/woocommerce/assets/fonts/star.woff]
[sweethome.marstheme.com/wp-content/plugins/woocommerce/assets/fonts/star.ttf]
[sweethome.marstheme.com/wp-content/plugins/woocommerce/assets/fonts/WooCommerce.eot]
[sweethome.marstheme.com/wp-content/plugins/woocommerce/assets/fonts/WooCommerce.woff]
[sweethome.marstheme.com/wp-content/plugins/woocommerce/assets/fonts/WooCommerced41d.eot]
[sweethome.marstheme.com/wp-content/plugins/woocommerce/assets/fonts/WooCommerce.ttf]
[sweethome.marstheme.com/wp-content/plugins/woocommerce/assets/images/icons/credit-cards/visa.png]
[sweethome.marstheme.com/wp-content/plugins/woocommerce/assets/images/icons/credit-cards/mastercard.png]
[sweethome.marstheme.com/wp-content/plugins/woocommerce/assets/images/icons/credit-cards/laser.png]
[sweethome.marstheme.com/wp-content/plugins/woocommerce/assets/images/icons/credit-cards/diners.png]
[sweethome.marstheme.com/wp-content/plugins/woocommerce/assets/images/icons/credit-cards/maestro.png]
[sweethome.marstheme.com/wp-content/plugins/woocommerce/assets/images/icons/credit-cards/jcb.png]
[sweethome.marstheme.com/wp-content/plugins/woocommerce/assets/images/icons/credit-cards/amex.png]
[sweethome.marstheme.com/wp-content/plugins/woocommerce/assets/images/icons/credit-cards/discover.png]
[sweethome.marstheme.com/wp-content/plugins/woocommerce/assets/css/woocommerce7e78.css]
[netdna.bootstrapcdn.com/bootstrap/3.1.1/css/bootstrap.min3a05.css]
[sweethome.marstheme.com/wp-content/themes/sweethome/assets/css/bootstrap-theme.min3a05.css]
[sweethome.marstheme.com/wp-content/themes/sweethome/assets/fonts/fontawesome-webfontba72.eot]
[sweethome.marstheme.com/wp-content/themes/sweethome/assets/fonts/fontawesome-webfontd41d.eot]
[sweethome.marstheme.com/wp-content/themes/sweethome/assets/fonts/fontawesome-webfontba72.woff]
[sweethome.marstheme.com/wp-content/themes/sweethome/assets/fonts/fontawesome-webfontba72.ttf]
[sweethome.marstheme.com/wp-content/themes/sweethome/assets/css/font-awesome.min3a05.css]
[sweethome.marstheme.com/wp-content/themes/sweethome/assets/css/fonts/flexslider-icon.eot]
[sweethome.marstheme.com/wp-content/themes/sweethome/assets/css/fonts/flexslider-icond41d.eot]
[sweethome.marstheme.com/wp-content/themes/sweethome/assets/css/fonts/flexslider-icon.woff]
[sweethome.marstheme.com/wp-content/themes/sweethome/assets/css/fonts/flexslider-icon.ttf]
[sweethome.marstheme.com/wp-content/themes/sweethome/assets/css/flexslider3a05.css]
[sweethome.marstheme.com/wp-content/themes/sweethome/assets/css/select-theme-default3a05.css]
[sweethome.marstheme.com/wp-content/themes/sweethome/assets/css/grabbing.png]
[sweethome.marstheme.com/wp-content/themes/sweethome/assets/css/owl.carousel3a05.css]
[sweethome.marstheme.com/wp-content/themes/sweethome/assets/css/AjaxLoader.gif]
[sweethome.marstheme.com/wp-content/themes/sweethome/assets/css/owl.theme3a05.css]
[sweethome.marstheme.com/wp-content/themes/sweethome/assets/css/woocommerce3a05.css]
[sweethome.marstheme.com/wp-content/themes/sweethome-child/style.css]
[sweethome.marstheme.com/wp-content/themes/sweethome/style.css]
[sweethome.marstheme.com/wp-content/plugins/jetpack/modules/carousel/images/arrows.png]
[sweethome.marstheme.com/wp-content/plugins/jetpack/modules/carousel/images/arrows-2x.png]
[sweethome.marstheme.com/wp-content/plugins/jetpack/modules/carousel/images/carousel-spritee4da.png]
[sweethome.marstheme.com/wp-content/plugins/jetpack/modules/carousel/images/carousel-sprite-2xe4da.png]
[sweethome.marstheme.com/wp-content/plugins/jetpack/modules/shortcodes/img/slideshow-controls.png]
[sweethome.marstheme.com/wp-content/plugins/jetpack/modules/shortcodes/img/slideshow-controls-2x.png]
[sweethome.marstheme.com/wp-content/plugins/jetpack/modules/shortcodes/images/slide-nav.png]
[sweethome.marstheme.com/wp-content/plugins/jetpack/modules/shortcodes/images/expand.png]
[sweethome.marstheme.com/wp-content/plugins/jetpack/modules/shortcodes/images/collapse.png]
[0.gravatar.com/images/grav-share-sprite.png]
[sweethome.marstheme.com/wp-content/plugins/jetpack/css/jetpackcd45.css]
[sweethome.marstheme.com/wp-content/uploads/2014/06/blog-header-bg.png]
[sweethome.marstheme.com/wp-content/uploads/2014/06/03_img-2-370x270.png]
[sweethome.marstheme.com/property/feed/index.html]
[sweethome.marstheme.com/property/2211-summer-ridge-dr-2/index.html]
[sweethome.marstheme.com/wp-content/uploads/2014/06/18_img-8-370x270.png]
[sweethome.marstheme.com/property/1141-14th-street-south-4/index.html]
[sweethome.marstheme.com/property/2222-n-2nd-ave-unit-311/index.html]
[sweethome.marstheme.com/wp-content/uploads/2014/06/19_img-9-370x270.png]
[sweethome.marstheme.com/property/1436-18th-street-south/index.html]
[sweethome.marstheme.com/wp-content/uploads/2014/06/05_img-4-370x270.png]
[sweethome.marstheme.com/property/2211-summer-ridge-dr-4/index.html]
[sweethome.marstheme.com/property/index.html]
[sweethome.marstheme.com/property/page/2/index.html]
[sweethome.marstheme.com/agent/index.html]
[sweethome.marstheme.com/agent/feed/index.html]
[sweethome.marstheme.com/agent/john-nguyen/index.html]
[sweethome.marstheme.com/wp-content/uploads/2014/06/21_blog_1-585x230.png]
[sweethome.marstheme.com/agent/robb-hatman/index.html]
[sweethome.marstheme.com/author/admin/index.html]
[sweethome.marstheme.com/wp-content/uploads/2014/06/22_blog_2-585x230.png]
[sweethome.marstheme.com/wp-content/uploads/2014/06/24_blog_4-585x230.png]
[sweethome.marstheme.com/nam-consequat-sapien-ac-magna-cursus-molestie-2/index.html]
[sweethome.marstheme.com/wp-content/uploads/2014/06/22_blog_2-150x150.png]
[sweethome.marstheme.com/pellentesque-sit-amet-feugiat-nunc-praesent-porta-volutpat-3/index.html]
[sweethome.marstheme.com/wp-content/uploads/2014/06/24_blog_4-150x150.png]
[sweethome.marstheme.com/phasellus-dapibus-leo-vel-tortor-facilisis-mattis-2/index.html]
[sweethome.marstheme.com/wp-content/uploads/2014/06/21_blog_1-150x150.png]
[sweethome.marstheme.com/phasellus-dapibus-leo-vel-tortor-facilisis-mattis-2/2/index.html]
[sweethome.marstheme.com/wp-content/plugins/jetpack/modules/theme-tools/responsive-videos/responsive-videos.min4963.js]
[sweethome.marstheme.com/news/index.html]
[sweethome.marstheme.com/phasellus-dapibus-leo-vel-tortor-facilisis-mattis-2/3/index.html]
[sweethome.marstheme.com/nam-consequat-sapien-ac-magna-cursus-molestie-3/index.html]
[sweethome.marstheme.com/pellentesque-sit-amet-feugiat-nunc-praesent-porta-volutpat-4/index.html]
[sweethome.marstheme.com/wp-content/plugins/akismet/_inc/formb12b.js]
[sweethome.marstheme.com/page-fullwidth/index.html]
[sweethome.marstheme.com/vivamus-id-ligula-vitae-diam-cursus-condimentum/index.html]
[sweethome.marstheme.com/pellentesque-sit-amet-feugiat-nunc-praesent-porta-volutpat/index.html]
[sweethome.marstheme.com/page-right-sidebar/index.html]
[sweethome.marstheme.com/nam-consequat-sapien-ac-magna-cursus-molestie/index.html]
[sweethome.marstheme.com/phasellus-dapibus-leo-vel-tortor-facilisis-mattis/index.html]
[sweethome.marstheme.com/page-left-sidebar/index.html]
[sweethome.marstheme.com/tag/blog/index.html]
[sweethome.marstheme.com/tag/post-format/index.html]
[sweethome.marstheme.com/tag/post-title/index.html]
[sweethome.marstheme.com/contact-us/index.html]
[sweethome.marstheme.com/tag/taxonomy/index.html]
[sweethome.marstheme.com/tag/wordpress-2/index.html]
[sweethome.marstheme.com/tag/thumbnail/index.html]
[sweethome.marstheme.com/wp-content/uploads/2013/06/poster_2_up-150x150.jpg]
[sweethome.marstheme.com/2014/06/index.html]
[sweethome.marstheme.com/category/drupal/index.html]
[sweethome.marstheme.com/wp-content/uploads/2013/06/T_7_front-150x150.jpg]
[sweethome.marstheme.com/category/htmlcss/index.html]
[sweethome.marstheme.com/category/joomla/index.html]
[sweethome.marstheme.com/category/jquery/index.html]
[sweethome.marstheme.com/wp-content/uploads/2013/06/hoodie_4_front-150x150.jpg]
[sweethome.marstheme.com/category/uncategorized/index.html]
[sweethome.marstheme.com/category/wordpress/index.html]
[sweethome.marstheme.com/wp-content/uploads/2013/06/T_5_front-150x150.jpg]
[sweethome.marstheme.com/page-fullwidth/feed/index.html]
[sweethome.marstheme.com/news/page/2/index.html]
[sweethome.marstheme.com/wp-content/uploads/2013/06/hoodie_5_front-150x150.jpg]
[sweethome.marstheme.com/page-right-sidebar/feed/index.html]
[sweethome.marstheme.com/wp-content/uploads/2013/06/hoodie_3_front-150x150.jpg]
[sweethome.marstheme.com/page-left-sidebar/feed/index.html]
[sweethome.marstheme.com/wp-content/uploads/2013/06/T_2_front-150x150.jpg]
[sweethome.marstheme.com/hello-world/index.html]
[sweethome.marstheme.com/contact-us/feed/index.html]
[sweethome.marstheme.com/wp-content/uploads/2013/06/poster_3_up-150x150.jpg]
[sweethome.marstheme.com/shop/feed/index.html]
[sweethome.marstheme.com/wp-content/uploads/2013/06/T_4_front-150x150.jpg]
[sweethome.marstheme.com/product/flying-ninja/index.html]
[sweethome.marstheme.com/wp-content/uploads/2013/06/hoodie_7_front-150x150.jpg]
[sweethome.marstheme.com/shop/indexec74.html]
[sweethome.marstheme.com/product/happy-ninja/index.html]
[sweethome.marstheme.com/wp-content/uploads/2013/06/poster_1_up-150x150.jpg]
[sweethome.marstheme.com/shop/index8080.html]
[sweethome.marstheme.com/product/happy-ninja-2/index.html]
[sweethome.marstheme.com/wp-content/uploads/2013/06/cd_1_angle-150x150.jpg]
[sweethome.marstheme.com/shop/index.html]
[sweethome.marstheme.com/shop/indexb117.html]
[sweethome.marstheme.com/shop/index56cd.html]
[sweethome.marstheme.com/product/ninja-silhouette/index.html]
[sweethome.marstheme.com/product/ninja-silhouette-2/index.html]
[sweethome.marstheme.com/wp-content/plugins/woocommerce/assets/css/select23a05.css]
[sweethome.marstheme.com/shop/index3cea.html]
[sweethome.marstheme.com/product/patient-ninja/index.html]
[sweethome.marstheme.com/shop/index2cda.html]
[sweethome.marstheme.com/my-account/index.html]
[sweethome.marstheme.com/product/premium-quality/index.html]
[sweethome.marstheme.com/checkout/index.html]
[sweethome.marstheme.com/wp-content/plugins/woocommerce/assets/js/select2/select2.min49eb.js]
[sweethome.marstheme.com/shop/index0be3.html]
[sweethome.marstheme.com/product/premium-quality-2/index.html]
[sweethome.marstheme.com/shop/index7996.html]
[sweethome.marstheme.com/product/ship-your-idea/index.html]
[sweethome.marstheme.com/wp-content/plugins/woocommerce/assets/js/frontend/country-select.min7e78.js]
[sweethome.marstheme.com/product/ship-your-idea-2/index.html]
[sweethome.marstheme.com/product/ship-your-idea-3/index.html]
[sweethome.marstheme.com/wp-content/plugins/woocommerce/assets/js/frontend/address-i18n.min7e78.js]
[sweethome.marstheme.com/shop/indexb29f.html]
[sweethome.marstheme.com/product/woo-album-1/index.html]
[sweethome.marstheme.com/shop/indexb4c4.html]
[sweethome.marstheme.com/cart/index.html]
[sweethome.marstheme.com/wp-content/plugins/woocommerce/assets/js/frontend/cart.min7e78.js]
[sweethome.marstheme.com/shop/page/2/index.html]
[sweethome.marstheme.com/my-account/feed/index.html]
[sweethome.marstheme.com/my-account/lost-password/index.html]
[sweethome.marstheme.com/cart/feed/index.html]
[sweethome.marstheme.com/wp-content/uploads/2014/06/39_slide-n1-770x481.png]
[sweethome.marstheme.com/wp-content/uploads/2014/06/slide-02-770x481.jpg]
[sweethome.marstheme.com/lorem-ipsum-dolor-sit-amet-consectetur-adipiscing-elit/index.html]
[sweethome.marstheme.com/property/6571-mill-creek-cir/feed/index.html]
[sweethome.marstheme.com/wp-content/uploads/2014/06/slide-03-770x481.jpg]
[sweethome.marstheme.com/property/2211-summer-ridge-dr/index.html]
[sweethome.marstheme.com/property/1141-14th-street-south/index.html]
[sweethome.marstheme.com/wp-content/uploads/2014/06/slide-01-770x481.jpg]
[sweethome.marstheme.com/wp-content/uploads/2014/06/39_slide-n1-124x76.png]
[sweethome.marstheme.com/status/for-rent/index.html]
[sweethome.marstheme.com/wp-content/uploads/2014/06/slide-02-124x76.jpg]
[sweethome.marstheme.com/wp-content/uploads/2014/06/slide-03-124x76.jpg]
[sweethome.marstheme.com/wp-content/uploads/2014/06/slide-01-124x76.jpg]
[sweethome.marstheme.com/wp-content/uploads/2014/06/13_agent-photo5.png]
[sweethome.marstheme.com/wp-content/uploads/2014/06/02_img-1-150x150.png]
[sweethome.marstheme.com/property_tag/amet/index.html]
[sweethome.marstheme.com/property_tag/curabitur/index.html]
[sweethome.marstheme.com/wp-content/uploads/2014/06/slide-03-150x150.jpg]
[sweethome.marstheme.com/property/6571-mill-creek-cir/index.html]
[sweethome.marstheme.com/property_tag/egestas/index.html]
[sweethome.marstheme.com/property/6571-mill-creek-cir-6/index.html]
[sweethome.marstheme.com/property_tag/hendrerit/index.html]
[sweethome.marstheme.com/property_tag/rhoncus/index.html]
[sweethome.marstheme.com/property/6571-mill-creek-cir-5/index.html]
[sweethome.marstheme.com/property/6571-mill-creek-cir-6/feed/index.html]
[sweethome.marstheme.com/property/6571-mill-creek-cir-5/feed/index.html]
[sweethome.marstheme.com/wp-content/uploads/2014/06/12_agent-photo4.png]
[sweethome.marstheme.com/wp-content/uploads/2014/06/06_img-5-150x150.png]
[sweethome.marstheme.com/property/6571-mill-creek-cir-3/feed/index.html]
[sweethome.marstheme.com/property/6571-mill-creek-cir-3/index.html]
[sweethome.marstheme.com/ptype/building/index.html]
[sweethome.marstheme.com/wp-content/uploads/2014/06/17_img-7-150x150.png]
[sweethome.marstheme.com/property/1141-14th-street-south-5/index.html]
[sweethome.marstheme.com/property/1141-14th-street-south-5/feed/index.html]
[sweethome.marstheme.com/property/index117a.html]
[sweethome.marstheme.com/wp-content/uploads/2014/06/03_img-2-150x150.png]
[sweethome.marstheme.com/status/for-sale/index.html]
[sweethome.marstheme.com/property/2211-summer-ridge-dr-3/index.html]
[sweethome.marstheme.com/wp-content/uploads/2014/06/09_agent-photo2.png]
[sweethome.marstheme.com/property/2211-summer-ridge-dr-3/feed/index.html]
[sweethome.marstheme.com/property/6571-mill-creek-cir-2/index.html]
[sweethome.marstheme.com/property/6571-mill-creek-cir-2/feed/index.html]
[sweethome.marstheme.com/ptype/house/index.html]
[sweethome.marstheme.com/property/1141-14th-street-south-2/index.html]
[sweethome.marstheme.com/ptype/house/page/2/index.html]
[sweethome.marstheme.com/property/1141-14th-street-south-3/index.html]
[sweethome.marstheme.com/property/1141-14th-street-south-2/feed/index.html]
[sweethome.marstheme.com/agent/elton-smith/index.html]
[sweethome.marstheme.com/property/1141-14th-street-south-3/feed/index.html]
[sweethome.marstheme.com/agent/john-nguyen-2/index.html]
[sweethome.marstheme.com/agent/elton-smith/feed/index.html]
[sweethome.marstheme.com/agent/robb-hatman-2/index.html]
[sweethome.marstheme.com/agent/john-nguyen-2/feed/index.html]
[sweethome.marstheme.com/property/indexbac3.html]
[sweethome.marstheme.com/agent/robb-hatman-3/index.html]
[sweethome.marstheme.com/property/index4f30.html]
[sweethome.marstheme.com/agent/faton/index.html]
[sweethome.marstheme.com/agent/robb-hatman-2/feed/index.html]
[sweethome.marstheme.com/agent/toan-nguyen/index.html]
[sweethome.marstheme.com/agent/robb-hatman-3/feed/index.html]
[sweethome.marstheme.com/property/index7fbe.html]
[sweethome.marstheme.com/lorem-ipsum-dolor-sit-amet-consectetur-adipiscing-elit-2/index.html]
[sweethome.marstheme.com/property/index5ec3.html]
[sweethome.marstheme.com/agent/faton/feed/index.html]
[sweethome.marstheme.com/pellentesque-sit-amet-feugiat-nunc-praesent-porta-volutpat-5/index.html]
[sweethome.marstheme.com/property/index0ae4.html]
[sweethome.marstheme.com/nam-consequat-sapien-ac-magna-cursus-molestie-4/index.html]
[sweethome.marstheme.com/agent/toan-nguyen/feed/index.html]
[sweethome.marstheme.com/property/index678e.html]
[sweethome.marstheme.com/pellentesque-sit-amet-feugiat-nunc-praesent-porta-volutpat-6/index.html]
[sweethome.marstheme.com/lorem-ipsum-dolor-sit-amet-consectetur-adipiscing-elit-2/feed/index.html]
[sweethome.marstheme.com/pellentesque-sit-amet-feugiat-nunc-praesent-porta-volutpat-5/feed/index.html]
[sweethome.marstheme.com/wp-includes/images/smilies/simple-smile.png]
[sweethome.marstheme.com/pellentesque-sit-amet-feugiat-nunc-praesent-porta-volutpat-2/index.html]
[sweethome.marstheme.com/nam-consequat-sapien-ac-magna-cursus-molestie-4/feed/index.html]
[sweethome.marstheme.com/pellentesque-sit-amet-feugiat-nunc-praesent-porta-volutpat-6/feed/index.html]
[s0.wp.com/wp-content/js/devicepx-jetpack7b31.js]
[sweethome.marstheme.com/pellentesque-sit-amet-feugiat-nunc-praesent-porta-volutpat-2/feed/index.html]
[sweethome.marstheme.com/pellentesque-sit-amet-feugiat-nunc-praesent-porta-volutpat-2/index0e22.html]
[s.gravatar.com/js/gprofiles9413.js]
[sweethome.marstheme.com/pellentesque-sit-amet-feugiat-nunc-praesent-porta-volutpat-2/index3094.html]
[sweethome.marstheme.com/pellentesque-sit-amet-feugiat-nunc-praesent-porta-volutpat-2/index21b4.html]
[sweethome.marstheme.com/pellentesque-sit-amet-feugiat-nunc-praesent-porta-volutpat-2/index8e42.html]
[sweethome.marstheme.com/pellentesque-sit-amet-feugiat-nunc-praesent-porta-volutpat-2/index267f.html]
[sweethome.marstheme.com/pellentesque-sit-amet-feugiat-nunc-praesent-porta-volutpat-2/index41b7.html]
[sweethome.marstheme.com/pellentesque-sit-amet-feugiat-nunc-praesent-porta-volutpat-2/index94a5.html]
[sweethome.marstheme.com/g.gif]
[sweethome.marstheme.com/ABCDEFGHIJKLMNOPQRSTUVWXYZabcdefghijklmnopqrstuvwxyz0123456789+/index.html]
[sweethome.marstheme.com/c.gif]
[stats.wp.com/e-201524.js]
[sweethome.marstheme.com/wp-content/plugins/woocommerce/assets/fonts/star.svg]
[sweethome.marstheme.com/wp-content/plugins/woocommerce/assets/fonts/WooCommerce.svg]
[sweethome.marstheme.com/wp-content/plugins/woocommerce/assets/images/icons/loader.svg]
[sweethome.marstheme.com/wp-content/themes/sweethome/assets/fonts/fontawesome-webfontba72.svg]
[sweethome.marstheme.com/wp-content/themes/sweethome/assets/css/fonts/flexslider-icon.svg]
[sweethome.marstheme.com/wp-content/themes/sweethome/assets/css/grabbing.html]
[sweethome.marstheme.com/wp-content/themes/sweethome/assets/css/AjaxLoader.html]
[sweethome.marstheme.com/wp-content/themes/sweethome/assets/img/blog-header-bg.png]
[sweethome.marstheme.com/wp-content/themes/sweethome/style.css]
[sweethome.marstheme.com/property/2211-summer-ridge-dr-2/index.html]
[sweethome.marstheme.com/property/1141-14th-street-south-4/index.html]
[sweethome.marstheme.com/property/2222-n-2nd-ave-unit-311/index.html]
[sweethome.marstheme.com/property/1436-18th-street-south/index.html]
[sweethome.marstheme.com/property/2211-summer-ridge-dr-2/feed/index.html]
[sweethome.marstheme.com/property/1141-14th-street-south-4/feed/index.html]
[sweethome.marstheme.com/property/2222-n-2nd-ave-unit-311/feed/index.html]
[sweethome.marstheme.com/property/1436-18th-street-south/feed/index.html]
[sweethome.marstheme.com/property/2211-summer-ridge-dr-4/index.html]
[sweethome.marstheme.com/property_tag/facilisis/index.html]
[sweethome.marstheme.com/property/2211-summer-ridge-dr-4/feed/index.html]
[sweethome.marstheme.com/property_tag/morbi/index.html]
[sweethome.marstheme.com/property_tag/nullam/index.html]
[sweethome.marstheme.com/property/page/2/index.html]
[sweethome.marstheme.com/agent/john-nguyen/index.html]
[sweethome.marstheme.com/agent/robb-hatman/index.html]
[sweethome.marstheme.com/property/index3ef3.html]
[sweethome.marstheme.com/agent/john-nguyen/feed/index.html]
[sweethome.marstheme.com/agent/robb-hatman/feed/index.html]
[sweethome.marstheme.com/author/admin/index.html]
[sweethome.marstheme.com/nam-consequat-sapien-ac-magna-cursus-molestie-2/index.html]
[sweethome.marstheme.com/property/indexd67b.html]
[sweethome.marstheme.com/pellentesque-sit-amet-feugiat-nunc-praesent-porta-volutpat-3/index.html]
[sweethome.marstheme.com/nam-consequat-sapien-ac-magna-cursus-molestie-2/feed/index.html]
[sweethome.marstheme.com/phasellus-dapibus-leo-vel-tortor-facilisis-mattis-2/index.html]
[sweethome.marstheme.com/author/admin/page/2/index.html]
[sweethome.marstheme.com/author/admin/feed/index.html]
[sweethome.marstheme.com/phasellus-dapibus-leo-vel-tortor-facilisis-mattis-2/2/index.html]
[sweethome.marstheme.com/phasellus-dapibus-leo-vel-tortor-facilisis-mattis-2/3/index.html]
[sweethome.marstheme.com/nam-consequat-sapien-ac-magna-cursus-molestie-3/index.html]
[sweethome.marstheme.com/pellentesque-sit-amet-feugiat-nunc-praesent-porta-volutpat-4/index.html]
[sweethome.marstheme.com/pellentesque-sit-amet-feugiat-nunc-praesent-porta-volutpat-3/feed/index.html]
[sweethome.marstheme.com/vivamus-id-ligula-vitae-diam-cursus-condimentum/index.html]
[sweethome.marstheme.com/phasellus-dapibus-leo-vel-tortor-facilisis-mattis-2/feed/index.html]
[sweethome.marstheme.com/pellentesque-sit-amet-feugiat-nunc-praesent-porta-volutpat/index.html]
[sweethome.marstheme.com/pellentesque-sit-amet-feugiat-nunc-praesent-porta-volutpat-4/feed/index.html]
[sweethome.marstheme.com/nam-consequat-sapien-ac-magna-cursus-molestie-3/feed/index.html]
[sweethome.marstheme.com/nam-consequat-sapien-ac-magna-cursus-molestie/index.html]
[sweethome.marstheme.com/phasellus-dapibus-leo-vel-tortor-facilisis-mattis/index.html]
[sweethome.marstheme.com/vivamus-id-ligula-vitae-diam-cursus-condimentum/feed/index.html]
[sweethome.marstheme.com/tag/blog/index.html]
[sweethome.marstheme.com/pellentesque-sit-amet-feugiat-nunc-praesent-porta-volutpat/feed/index.html]
[sweethome.marstheme.com/phasellus-dapibus-leo-vel-tortor-facilisis-mattis/feed/index.html]
[sweethome.marstheme.com/nam-consequat-sapien-ac-magna-cursus-molestie/feed/index.html]
[sweethome.marstheme.com/tag/post-format/index.html]
[sweethome.marstheme.com/phasellus-dapibus-leo-vel-tortor-facilisis-mattis/2/index.html]
[sweethome.marstheme.com/tag/post-title/index.html]
[sweethome.marstheme.com/phasellus-dapibus-leo-vel-tortor-facilisis-mattis/3/index.html]
[sweethome.marstheme.com/tag/taxonomy/index.html]
[sweethome.marstheme.com/tag/blog/feed/index.html]
[sweethome.marstheme.com/tag/thumbnail/index.html]
[sweethome.marstheme.com/tag/post-format/feed/index.html]
[sweethome.marstheme.com/tag/wordpress-2/index.html]
[sweethome.marstheme.com/tag/post-title/feed/index.html]
[sweethome.marstheme.com/2014/06/index.html]
[sweethome.marstheme.com/tag/taxonomy/feed/index.html]
[sweethome.marstheme.com/category/drupal/index.html]
[sweethome.marstheme.com/tag/thumbnail/feed/index.html]
[sweethome.marstheme.com/tag/wordpress-2/feed/index.html]
[sweethome.marstheme.com/category/htmlcss/index.html]
[sweethome.marstheme.com/2014/index.html]
[sweethome.marstheme.com/2014/06/05/index.html]
[sweethome.marstheme.com/category/joomla/index.html]
[sweethome.marstheme.com/2014/06/06/index.html]
[sweethome.marstheme.com/2014/06/20/index.html]
[sweethome.marstheme.com/category/jquery/index.html]
[sweethome.marstheme.com/2014/06/page/2/index.html]
[sweethome.marstheme.com/category/drupal/feed/index.html]
[sweethome.marstheme.com/category/uncategorized/index.html]
[sweethome.marstheme.com/category/htmlcss/feed/index.html]
[sweethome.marstheme.com/category/wordpress/index.html]
[sweethome.marstheme.com/category/joomla/feed/index.html]
[sweethome.marstheme.com/news/page/2/index.html]
[sweethome.marstheme.com/category/jquery/feed/index.html]
[sweethome.marstheme.com/category/uncategorized/feed/index.html]
[sweethome.marstheme.com/category/wordpress/feed/index.html]
[sweethome.marstheme.com/wp-admin/index.html]
[sweethome.marstheme.com/hello-world/index.html]
[sweethome.marstheme.com/wp-login9519.html]
[sweethome.marstheme.com/wp-content/plugins/woocommerce/assets/css/prettyPhoto3a05.css]
[sweethome.marstheme.com/hello-world/feed/index.html]
[sweethome.marstheme.com/hello-world/index6809.html]
[sweethome.marstheme.com/product/flying-ninja/feed/index.html]
[sweethome.marstheme.com/wp-content/uploads/2013/06/poster_2_up.jpg]
[sweethome.marstheme.com/wp-content/uploads/2013/06/poster_2_up-300x300.jpg]
[sweethome.marstheme.com/wp-content/uploads/2013/06/poster_5_up-150x150.jpg]
[sweethome.marstheme.com/product-category/posters/index.html]
[sweethome.marstheme.com/wp-content/uploads/2013/06/poster_4_up-150x150.jpg]
[sweethome.marstheme.com/wp-content/plugins/woocommerce/assets/js/prettyPhoto/jquery.prettyPhoto.minc6bd.js]
[sweethome.marstheme.com/product/flying-ninja/index70f8.html]
[sweethome.marstheme.com/product/woo-logo-3/index.html]
[sweethome.marstheme.com/wp-content/plugins/woocommerce/assets/js/prettyPhoto/jquery.prettyPhoto.init.min7e78.js]
[sweethome.marstheme.com/product/flying-ninja/index.html]
[sweethome.marstheme.com/shop/indexec74.html]
[sweethome.marstheme.com/wp-content/plugins/woocommerce/assets/js/frontend/single-product.min7e78.js]
[sweethome.marstheme.com/product/flying-ninja/indexea61.html]
[sweethome.marstheme.com/product/woo-ninja-3/index.html]
[sweethome.marstheme.com/wp-content/uploads/2013/06/T_7_front.jpg]
[sweethome.marstheme.com/shop/page/2/indexec74.html]
[sweethome.marstheme.com/product/happy-ninja/feed/index.html]
[sweethome.marstheme.com/wp-content/uploads/2013/06/T_7_front-300x300.jpg]
[sweethome.marstheme.com/product/happy-ninja/index.html]
[sweethome.marstheme.com/product/woo-ninja/index.html]
[sweethome.marstheme.com/product-category/clothing/index.html]
[sweethome.marstheme.com/shop/index8080.html]
[sweethome.marstheme.com/product-category/clothing/t-shirts/index.html]
[sweethome.marstheme.com/wp-content/uploads/2013/06/hoodie_4_front.jpg]
[sweethome.marstheme.com/product/happy-ninja/index56cd.html]
[sweethome.marstheme.com/shop/page/2/index8080.html]
[sweethome.marstheme.com/wp-content/uploads/2013/06/hoodie_4_front-300x300.jpg]
[sweethome.marstheme.com/product/happy-ninja-2/feed/index.html]
[sweethome.marstheme.com/wp-content/uploads/2013/06/hoodie_2_front-150x150.jpg]
[sweethome.marstheme.com/product/happy-ninja-2/index.html]
[sweethome.marstheme.com/product-category/clothing/hoodies/index.html]
[sweethome.marstheme.com/product/woo-ninja-2/index.html]
[sweethome.marstheme.com/shop/indexb117.html]
[sweethome.marstheme.com/wp-content/uploads/2013/06/T_5_front.jpg]
[sweethome.marstheme.com/product/happy-ninja-2/index4837.html]
[sweethome.marstheme.com/wp-content/uploads/2013/06/T_5_front-300x300.jpg]
[sweethome.marstheme.com/shop/page/2/indexb117.html]
[sweethome.marstheme.com/product/ninja-silhouette/feed/index.html]
[sweethome.marstheme.com/wp-content/uploads/2014/06/24_blog_4.png]
[sweethome.marstheme.com/product/ninja-silhouette/index.html]
[sweethome.marstheme.com/shop/index56cd.html]
[sweethome.marstheme.com/product/ninja-silhouette/index2cda.html]
[sweethome.marstheme.com/product/ninja-silhouette/index4837.html]
[sweethome.marstheme.com/wp-content/uploads/2013/06/hoodie_5_front.jpg]
[sweethome.marstheme.com/product/ninja-silhouette-2/feed/index.html]
[sweethome.marstheme.com/shop/page/2/index56cd.html]
[sweethome.marstheme.com/wp-content/uploads/2013/06/hoodie_5_front-300x300.jpg]
[sweethome.marstheme.com/wp-content/uploads/2014/06/slide-01.jpg]
[sweethome.marstheme.com/product/woo-logo-2/index.html]
[sweethome.marstheme.com/wp-content/uploads/2013/06/T_6_front-150x150.jpg]
[sweethome.marstheme.com/product/ninja-silhouette-2/index.html]
[sweethome.marstheme.com/shop/index3cea.html]
[sweethome.marstheme.com/product/ninja-silhouette-2/index274e.html]
[sweethome.marstheme.com/product/ninja-silhouette-2/index56cd.html]
[sweethome.marstheme.com/shop/page/2/index3cea.html]
[sweethome.marstheme.com/wp-content/uploads/2013/06/hoodie_3_front.jpg]
[sweethome.marstheme.com/product/patient-ninja/feed/index.html]
[sweethome.marstheme.com/wp-content/uploads/2013/06/hoodie_3_front-300x300.jpg]
[sweethome.marstheme.com/wp-content/uploads/2013/06/hoodie_6_front-150x150.jpg]
[sweethome.marstheme.com/product/patient-ninja/index.html]
[sweethome.marstheme.com/shop/index2cda.html]
[sweethome.marstheme.com/product/patient-ninja/index8992.html]
[sweethome.marstheme.com/product/patient-ninja/index3cea.html]
[sweethome.marstheme.com/wp-content/uploads/2013/06/T_2_front.jpg]
[sweethome.marstheme.com/shop/page/2/index2cda.html]
[sweethome.marstheme.com/product/premium-quality/feed/index.html]
[sweethome.marstheme.com/wp-content/uploads/2013/06/T_2_front-300x300.jpg]
[sweethome.marstheme.com/product/woo-logo/index.html]
[sweethome.marstheme.com/product/premium-quality/index.html]
[sweethome.marstheme.com/shop/index0be3.html]
[sweethome.marstheme.com/product/premium-quality/index4837.html]
[sweethome.marstheme.com/product/premium-quality/index2cda.html]
[sweethome.marstheme.com/wp-content/uploads/2013/06/poster_3_up.jpg]
[sweethome.marstheme.com/wp-content/uploads/2013/06/poster_3_up-300x300.jpg]
[sweethome.marstheme.com/product/premium-quality-2/index.html]
[sweethome.marstheme.com/product/premium-quality-2/feed/index.html]
[sweethome.marstheme.com/shop/page/2/index0be3.html]
[sweethome.marstheme.com/shop/index7996.html]
[sweethome.marstheme.com/wp-content/uploads/2013/06/T_4_front.jpg]
[sweethome.marstheme.com/product/premium-quality-2/indexb29f.html]
[sweethome.marstheme.com/product/premium-quality-2/indexec74.html]
[sweethome.marstheme.com/shop/page/2/index7996.html]
[sweethome.marstheme.com/wp-content/uploads/2013/06/T_4_front-300x300.jpg]
[sweethome.marstheme.com/wp-content/uploads/2013/06/T_4_back.jpg]
[sweethome.marstheme.com/product/ship-your-idea/feed/index.html]
[sweethome.marstheme.com/wp-content/uploads/2013/06/T_4_back-90x90.jpg]
[sweethome.marstheme.com/product/ship-your-idea/index.html]
[sweethome.marstheme.com/wp-content/plugins/woocommerce/assets/js/frontend/add-to-cart-variation.min7e78.js]
[sweethome.marstheme.com/product/ship-your-idea/index0be3.html]
[sweethome.marstheme.com/wp-content/uploads/2013/06/hoodie_7_front.jpg]
[sweethome.marstheme.com/product/ship-your-idea/index56cd.html]
[sweethome.marstheme.com/product/ship-your-idea-2/feed/index.html]
[sweethome.marstheme.com/wp-content/uploads/2013/06/hoodie_7_front-300x300.jpg]
[sweethome.marstheme.com/wp-content/uploads/2014/06/11_agent-photo3.png]
[sweethome.marstheme.com/product/ship-your-idea-2/index.html]
[sweethome.marstheme.com/product/ship-your-idea-2/index4837.html]
[sweethome.marstheme.com/wp-content/uploads/2013/06/poster_1_up.jpg]
[sweethome.marstheme.com/product/ship-your-idea-2/index8080.html]
[sweethome.marstheme.com/product/ship-your-idea-3/feed/index.html]
[sweethome.marstheme.com/wp-content/uploads/2013/06/poster_1_up-300x300.jpg]
[sweethome.marstheme.com/product/ship-your-idea-3/index.html]
[sweethome.marstheme.com/shop/indexb29f.html]
[sweethome.marstheme.com/product/ship-your-idea-3/index7996.html]
[sweethome.marstheme.com/product/ship-your-idea-3/indexec74.html]
[sweethome.marstheme.com/wp-content/uploads/2013/06/cd_1_angle.jpg]
[sweethome.marstheme.com/shop/page/2/indexb29f.html]
[sweethome.marstheme.com/wp-content/uploads/2013/06/cd_1_angle-300x300.jpg]
[sweethome.marstheme.com/product/woo-album-1/feed/index.html]
[sweethome.marstheme.com/wp-content/uploads/2014/06/04_img-3.png]
[sweethome.marstheme.com/product/woo-album-2/index.html]
[sweethome.marstheme.com/wp-content/uploads/2013/06/cd_2_angle-150x150.jpg]
[sweethome.marstheme.com/product-category/music/index.html]
[sweethome.marstheme.com/wp-content/uploads/2013/06/cd_3_angle-150x150.jpg]
[sweethome.marstheme.com/product/woo-album-1/index.html]
[sweethome.marstheme.com/product-category/music/albums/index.html]
[sweethome.marstheme.com/product/woo-album-1/index5f99.html]
[sweethome.marstheme.com/shop/indexb4c4.html]
[sweethome.marstheme.com/product/woo-album-3/index.html]
[sweethome.marstheme.com/product/woo-album-1/index518a.html]
[sweethome.marstheme.com/wp-content/uploads/2013/06/cd_5_angle-150x150.jpg]
[sweethome.marstheme.com/shop/page/2/indexb4c4.html]
[sweethome.marstheme.com/wp-content/uploads/2013/06/T_1_front-150x150.jpg]
[sweethome.marstheme.com/shop/page/2/index5f99.html]
[sweethome.marstheme.com/shop/page/2/index518a.html]
[sweethome.marstheme.com/wp-content/uploads/2013/06/cd_4_angle-150x150.jpg]
[sweethome.marstheme.com/shop/page/2/index92a5.html]
[sweethome.marstheme.com/product/woo-album-4/index.html]
[sweethome.marstheme.com/wp-content/uploads/2013/06/cd_6_angle-150x150.jpg]
[sweethome.marstheme.com/shop/page/2/index.html]
[sweethome.marstheme.com/shop/page/2/indexd685.html]
[sweethome.marstheme.com/shop/page/2/index8992.html]
[sweethome.marstheme.com/shop/page/2/index70f8.html]
[sweethome.marstheme.com/shop/page/2/index274e.html]
[sweethome.marstheme.com/wp-content/plugins/woocommerce/assets/images/select2.png]
[sweethome.marstheme.com/shop/page/2/index4837.html]
[sweethome.marstheme.com/shop/page/2/indexea61.html]
[sweethome.marstheme.com/wp-content/plugins/woocommerce/assets/images/select2-spinner.gif]
[sweethome.marstheme.com/product/woo-single-1/index.html]
[sweethome.marstheme.com/shop/page/2/indexd28c.html]
[sweethome.marstheme.com/wp-content/plugins/woocommerce/assets/images/select2x2.png]
[sweethome.marstheme.com/wp-content/plugins/woocommerce/assets/css/select23a05.css]
[sweethome.marstheme.com/product/woo-single-2/index.html]
[sweethome.marstheme.com/my-account/lost-password/index.html]
[sweethome.marstheme.com/lorem-ipsum-dolor-sit-amet-consectetur-adipiscing-elit/index.html]
[sweethome.marstheme.com/property/2211-summer-ridge-dr/index.html]
[sweethome.marstheme.com/wp-content/plugins/woocommerce/assets/js/frontend/lost-password.min7e78.js]
[sweethome.marstheme.com/property/1141-14th-street-south/index.html]
[sweethome.marstheme.com/shop/page/2/index7fd8.html]
[sweethome.marstheme.com/status/for-rent/index.html]
[sweethome.marstheme.com/lorem-ipsum-dolor-sit-amet-consectetur-adipiscing-elit/feed/index.html]
[sweethome.marstheme.com/property_tag/amet/index.html]
[sweethome.marstheme.com/property/2211-summer-ridge-dr/feed/index.html]
[sweethome.marstheme.com/property_tag/curabitur/index.html]
[sweethome.marstheme.com/property/1141-14th-street-south/feed/index.html]
[sweethome.marstheme.com/property_tag/egestas/index.html]
[sweethome.marstheme.com/status/for-rent/page/2/index.html]
[sweethome.marstheme.com/property_tag/hendrerit/index.html]
[sweethome.marstheme.com/property_tag/amet/page/2/index.html]
[sweethome.marstheme.com/property_tag/rhoncus/index.html]
[sweethome.marstheme.com/property_tag/curabitur/page/2/index.html]
[sweethome.marstheme.com/property_tag/egestas/page/2/index.html]
[sweethome.marstheme.com/status/for-sale/index.html]
[sweethome.marstheme.com/ptype/house/page/2/index.html]
[sweethome.marstheme.com/property/indexbac3.html]
[sweethome.marstheme.com/property/index4f30.html]
[sweethome.marstheme.com/property/index7fbe.html]
[sweethome.marstheme.com/property/index5ec3.html]
[sweethome.marstheme.com/property/index0ae4.html]
[sweethome.marstheme.com/property/index678e.html]
[sweethome.marstheme.com/pellentesque-sit-amet-feugiat-nunc-praesent-porta-volutpat-2/index0e22.html]
[sweethome.marstheme.com/pellentesque-sit-amet-feugiat-nunc-praesent-porta-volutpat-2/index3094.html]
[sweethome.marstheme.com/pellentesque-sit-amet-feugiat-nunc-praesent-porta-volutpat-2/index21b4.html]
[sweethome.marstheme.com/pellentesque-sit-amet-feugiat-nunc-praesent-porta-volutpat-2/index8e42.html]
[sweethome.marstheme.com/pellentesque-sit-amet-feugiat-nunc-praesent-porta-volutpat-2/index267f.html]
[sweethome.marstheme.com/pellentesque-sit-amet-feugiat-nunc-praesent-porta-volutpat-2/index41b7.html]
[sweethome.marstheme.com/pellentesque-sit-amet-feugiat-nunc-praesent-porta-volutpat-2/index94a5.html]
[sweethome.marstheme.com/ABCDEFGHIJKLMNOPQRSTUVWXYZabcdefghijklmnopqrstuvwxyz0123456789+/index.html]
[sweethome.marstheme.com/g.html]
[sweethome.marstheme.com/c.html]
[sweethome.marstheme.com/property_tag/facilisis/index.html]
[sweethome.marstheme.com/property_tag/morbi/index.html]
[sweethome.marstheme.com/property_tag/nullam/index.html]
[sweethome.marstheme.com/property/index3ef3.html]
[sweethome.marstheme.com/property/indexd67b.html]
[sweethome.marstheme.com/author/admin/page/2/index.html]
[sweethome.marstheme.com/phasellus-dapibus-leo-vel-tortor-facilisis-mattis/2/index.html]
[sweethome.marstheme.com/phasellus-dapibus-leo-vel-tortor-facilisis-mattis/3/index.html]
[sweethome.marstheme.com/2014/index.html]
[sweethome.marstheme.com/2014/06/05/index.html]
[sweethome.marstheme.com/2014/06/06/index.html]
[sweethome.marstheme.com/2014/06/20/index.html]
[sweethome.marstheme.com/2014/06/page/2/index.html]
[sweethome.marstheme.com/property_tag/hendrerit/page/2/index.html]
[sweethome.marstheme.com/property_tag/rhoncus/page/2/index.html]
[sweethome.marstheme.com/wp-includes/css/buttons.min3a05.css]
[sweethome.marstheme.com/wp-includes/css/dashicons.min3a05.css]
[sweethome.marstheme.com/wp-admin/css/login.min3a05.css]
[sweethome.marstheme.com/2014/page/2/index.html]
[sweethome.marstheme.com/wp-admin/&reauth=1]
[sweethome.marstheme.com/wp-login9519.html]
[sweethome.marstheme.com/hello-world/index6809.html]
[sweethome.marstheme.com/wp-content/plugins/woocommerce/assets/css/prettyPhoto3a05.css]
[sweethome.marstheme.com/product-category/posters/index.html]
[sweethome.marstheme.com/shop/feed/index7fa6.html]
[sweethome.marstheme.com/product-category/posters/indexec74.html]
[sweethome.marstheme.com/product-category/posters/index7996.html]
[sweethome.marstheme.com/product-category/posters/indexb29f.html]
[sweethome.marstheme.com/wp-content/uploads/2013/06/poster_5_up.jpg]
[sweethome.marstheme.com/wp-content/uploads/2013/06/poster_5_up-300x300.jpg]
[sweethome.marstheme.com/product-category/posters/index70f8.html]
[sweethome.marstheme.com/product-category/posters/indexea61.html]
[sweethome.marstheme.com/wp-content/uploads/2013/06/Poster_5_flat.jpg]
[sweethome.marstheme.com/wp-content/uploads/2013/06/Poster_5_flat-90x90.jpg]
[sweethome.marstheme.com/product/woo-logo-3/index.html]
[sweethome.marstheme.com/product/woo-logo-3/feed/index.html]
[sweethome.marstheme.com/product/flying-ninja/index70f8.html]
[sweethome.marstheme.com/product/woo-logo-3/indexec74.html]
[sweethome.marstheme.com/product/woo-logo-3/indexb29f.html]
[sweethome.marstheme.com/wp-content/uploads/2013/06/poster_4_up.jpg]
[sweethome.marstheme.com/product/flying-ninja/index7996.html]
[sweethome.marstheme.com/wp-content/uploads/2013/06/poster_4_up-300x300.jpg]
[sweethome.marstheme.com/product/flying-ninja/indexb29f.html]
[sweethome.marstheme.com/product/woo-ninja-3/index.html]
[sweethome.marstheme.com/product/woo-ninja-3/feed/index.html]
[sweethome.marstheme.com/product/flying-ninja/indexea61.html]
[sweethome.marstheme.com/shop/page/2/indexec74.html]
[sweethome.marstheme.com/product/woo-ninja-3/indexec74.html]
[sweethome.marstheme.com/product/woo-ninja-3/index7996.html]
[sweethome.marstheme.com/wp-content/uploads/2013/06/T_6_front.jpg]
[sweethome.marstheme.com/wp-content/uploads/2013/06/T_6_front-300x300.jpg]
[sweethome.marstheme.com/product/woo-ninja/index.html]
[sweethome.marstheme.com/product-category/clothing/index.html]
[sweethome.marstheme.com/product/woo-ninja/feed/index.html]
[sweethome.marstheme.com/product-category/clothing/t-shirts/index.html]
[sweethome.marstheme.com/product/woo-ninja/index4837.html]
[sweethome.marstheme.com/shop/feed/index623d.html]
[sweethome.marstheme.com/product/happy-ninja/index56cd.html]
[sweethome.marstheme.com/product-category/clothing/index8080.html]
[sweethome.marstheme.com/product-category/clothing/indexb117.html]
[sweethome.marstheme.com/shop/page/2/index8080.html]
[sweethome.marstheme.com/product-category/clothing/index56cd.html]
[sweethome.marstheme.com/product-category/clothing/hoodies/index.html]
[sweethome.marstheme.com/product-category/clothing/index3cea.html]
[sweethome.marstheme.com/product-category/clothing/index2cda.html]
[sweethome.marstheme.com/product-category/clothing/index0be3.html]
[sweethome.marstheme.com/product-category/clothing/indexd685.html]
[sweethome.marstheme.com/product-category/clothing/index8992.html]
[sweethome.marstheme.com/wp-content/uploads/2013/06/hoodie_2_front.jpg]
[sweethome.marstheme.com/product-category/clothing/index274e.html]
[sweethome.marstheme.com/shop/feed/index0eed.html]
[sweethome.marstheme.com/wp-content/uploads/2013/06/hoodie_2_front-300x300.jpg]
[sweethome.marstheme.com/product-category/clothing/index4837.html]
[sweethome.marstheme.com/wp-content/uploads/2014/06/15_agent-photo7.png]
[sweethome.marstheme.com/product-category/clothing/t-shirts/index8080.html]
[sweethome.marstheme.com/product-category/clothing/t-shirts/index56cd.html]
[sweethome.marstheme.com/product/woo-ninja-2/index.html]
[sweethome.marstheme.com/product-category/clothing/t-shirts/index0be3.html]
[sweethome.marstheme.com/product-category/clothing/t-shirts/indexd685.html]
[sweethome.marstheme.com/product/happy-ninja-2/index4837.html]
[sweethome.marstheme.com/shop/page/2/indexb117.html]
[sweethome.marstheme.com/product-category/clothing/t-shirts/index274e.html]
[sweethome.marstheme.com/product/ninja-silhouette/index4837.html]
[sweethome.marstheme.com/shop/feed/indexb124.html]
[sweethome.marstheme.com/product-category/clothing/hoodies/indexb117.html]
[sweethome.marstheme.com/product/ninja-silhouette/index2cda.html]
[sweethome.marstheme.com/product-category/clothing/hoodies/index3cea.html]
[sweethome.marstheme.com/product-category/clothing/hoodies/index2cda.html]
[sweethome.marstheme.com/shop/page/2/index56cd.html]
[sweethome.marstheme.com/product-category/clothing/hoodies/index8992.html]
[sweethome.marstheme.com/product-category/clothing/hoodies/index4837.html]
[sweethome.marstheme.com/product/woo-ninja-2/feed/index.html]
[sweethome.marstheme.com/wp-content/uploads/2013/06/hoodie_6_front.jpg]
[sweethome.marstheme.com/product/woo-ninja-2/index8080.html]
[sweethome.marstheme.com/product/ninja-silhouette/index8080.html]
[sweethome.marstheme.com/product/ninja-silhouette/index274e.html]
[sweethome.marstheme.com/wp-content/uploads/2013/06/hoodie_6_front-300x300.jpg]
[sweethome.marstheme.com/product/woo-logo-2/index.html]
[sweethome.marstheme.com/product/woo-logo-2/feed/index.html]
[sweethome.marstheme.com/product/ninja-silhouette-2/index274e.html]
[sweethome.marstheme.com/product/woo-logo-2/index274e.html]
[sweethome.marstheme.com/product/woo-logo-2/index56cd.html]
[sweethome.marstheme.com/product/ninja-silhouette-2/index56cd.html]
[sweethome.marstheme.com/shop/page/2/index3cea.html]
[sweethome.marstheme.com/product/patient-ninja/index8992.html]
[sweethome.marstheme.com/product/ninja-silhouette-2/index8080.html]
[sweethome.marstheme.com/product/patient-ninja/index3cea.html]
[sweethome.marstheme.com/shop/page/2/index2cda.html]
[sweethome.marstheme.com/product/patient-ninja/index274e.html]
[sweethome.marstheme.com/product/patient-ninja/index8080.html]
[sweethome.marstheme.com/product/patient-ninja/index56cd.html]
[sweethome.marstheme.com/wp-content/uploads/2013/06/T_1_front.jpg]
[sweethome.marstheme.com/wp-content/uploads/2013/06/T_1_front-300x300.jpg]
[sweethome.marstheme.com/product/woo-logo/index.html]
[sweethome.marstheme.com/product/premium-quality/index2cda.html]
[sweethome.marstheme.com/product/woo-logo/index2cda.html]
[sweethome.marstheme.com/product/woo-logo/feed/index.html]
[sweethome.marstheme.com/product/premium-quality/index4837.html]
[sweethome.marstheme.com/product/woo-logo/index4837.html]
[sweethome.marstheme.com/shop/page/2/index0be3.html]
[sweethome.marstheme.com/product/premium-quality/index3cea.html]
[sweethome.marstheme.com/product/premium-quality-2/indexb29f.html]
[sweethome.marstheme.com/product/premium-quality-2/indexec74.html]
[sweethome.marstheme.com/product/premium-quality/indexb117.html]
[sweethome.marstheme.com/shop/page/2/index7996.html]
[sweethome.marstheme.com/product/premium-quality/index56cd.html]
[sweethome.marstheme.com/product/ship-your-idea/index0be3.html]
[sweethome.marstheme.com/product/ship-your-idea/index56cd.html]
[sweethome.marstheme.com/product/premium-quality-2/indexea61.html]
[sweethome.marstheme.com/product/ship-your-idea-2/index4837.html]
[sweethome.marstheme.com/product/premium-quality-2/index70f8.html]
[sweethome.marstheme.com/product/ship-your-idea/index274e.html]
[sweethome.marstheme.com/product/ship-your-idea-2/index8080.html]
[sweethome.marstheme.com/product/ship-your-idea/indexb117.html]
[sweethome.marstheme.com/product/ship-your-idea/index2cda.html]
[sweethome.marstheme.com/product/ship-your-idea-2/index56cd.html]
[sweethome.marstheme.com/product/ship-your-idea-3/index7996.html]
[sweethome.marstheme.com/product/ship-your-idea-2/index274e.html]
[sweethome.marstheme.com/product/ship-your-idea-3/indexec74.html]
[sweethome.marstheme.com/shop/page/2/indexb29f.html]
[sweethome.marstheme.com/product/ship-your-idea-2/index3cea.html]
[sweethome.marstheme.com/product/ship-your-idea-2/index8992.html]
[sweethome.marstheme.com/wp-content/uploads/2013/06/cd_2_angle.jpg]
[sweethome.marstheme.com/product/ship-your-idea-3/indexea61.html]
[sweethome.marstheme.com/wp-content/uploads/2013/06/cd_2_angle-300x300.jpg]
[sweethome.marstheme.com/wp-content/uploads/2014/06/17_img-7.png]
[sweethome.marstheme.com/product/woo-album-2/index.html]
[sweethome.marstheme.com/product/woo-album-2/feed/index.html]
[sweethome.marstheme.com/product-category/music/index.html]
[sweethome.marstheme.com/product/woo-album-2/indexd28c.html]
[sweethome.marstheme.com/product/woo-album-2/index518a.html]
[sweethome.marstheme.com/product-category/music/albums/index.html]
[sweethome.marstheme.com/shop/feed/index9fc7.html]
[sweethome.marstheme.com/product/woo-album-1/index5f99.html]
[sweethome.marstheme.com/product-category/music/indexb4c4.html]
[sweethome.marstheme.com/product-category/music/index5f99.html]
[sweethome.marstheme.com/product-category/music/index518a.html]
[sweethome.marstheme.com/wp-content/uploads/2013/06/cd_3_angle.jpg]
[sweethome.marstheme.com/product-category/music/index92a5.html]
[sweethome.marstheme.com/product-category/music/indexd28c.html]
[sweethome.marstheme.com/wp-content/uploads/2013/06/cd_3_angle-300x300.jpg]
[sweethome.marstheme.com/product/woo-album-3/index.html]
[sweethome.marstheme.com/product-category/music/index7fd8.html]
[sweethome.marstheme.com/shop/feed/indexd346.html]
[sweethome.marstheme.com/product/woo-album-1/index518a.html]
[sweethome.marstheme.com/product-category/music/albums/indexb4c4.html]
[sweethome.marstheme.com/shop/page/2/indexb4c4.html]
[sweethome.marstheme.com/shop/page/2/index5f99.html]
[sweethome.marstheme.com/product-category/music/albums/index5f99.html]
[sweethome.marstheme.com/product-category/music/albums/index518a.html]
[sweethome.marstheme.com/product-category/music/albums/index92a5.html]
[sweethome.marstheme.com/shop/page/2/index518a.html]
[sweethome.marstheme.com/product/woo-album-1/index92a5.html]
[sweethome.marstheme.com/product/woo-album-1/indexd28c.html]
[sweethome.marstheme.com/wp-content/uploads/2013/06/cd_5_angle.jpg]
[sweethome.marstheme.com/product/woo-album-3/feed/index.html]
[sweethome.marstheme.com/product/woo-album-3/indexb4c4.html]
[sweethome.marstheme.com/wp-content/uploads/2013/06/cd_5_angle-300x300.jpg]
[sweethome.marstheme.com/product/woo-album-3/index5f99.html]
[sweethome.marstheme.com/product/woo-album-1/index7fd8.html]
[sweethome.marstheme.com/wp-content/uploads/2013/06/cd_5_flat.jpg]
[sweethome.marstheme.com/wp-content/uploads/2013/06/cd_5_flat-90x90.jpg]
[sweethome.marstheme.com/product/woo-album-4/index.html]
[sweethome.marstheme.com/shop/page/2/index92a5.html]
[sweethome.marstheme.com/product/woo-album-4/feed/index.html]
[sweethome.marstheme.com/shop/page/2/indexd685.html]
[sweethome.marstheme.com/product/woo-album-4/indexb4c4.html]
[sweethome.marstheme.com/shop/page/2/index8992.html]
[sweethome.marstheme.com/shop/page/2/index70f8.html]
[sweethome.marstheme.com/shop/page/2/index274e.html]
[sweethome.marstheme.com/product/woo-album-4/index5f99.html]
[sweethome.marstheme.com/shop/page/2/index4837.html]
[sweethome.marstheme.com/shop/page/2/indexea61.html]
[sweethome.marstheme.com/wp-content/uploads/2013/06/cd_4_angle.jpg]
[sweethome.marstheme.com/product/woo-single-1/feed/index.html]
[sweethome.marstheme.com/wp-content/uploads/2013/06/cd_4_angle-300x300.jpg]
[sweethome.marstheme.com/product/woo-single-1/index.html]
[sweethome.marstheme.com/product-category/music/singles/index.html]
[sweethome.marstheme.com/shop/page/2/indexd28c.html]
[sweethome.marstheme.com/product/woo-single-1/index92a5.html]
[sweethome.marstheme.com/wp-content/uploads/2013/06/cd_6_angle.jpg]
[sweethome.marstheme.com/product/woo-single-1/index7fd8.html]
[sweethome.marstheme.com/product/woo-single-2/feed/index.html]
[sweethome.marstheme.com/wp-content/uploads/2013/06/cd_6_angle-300x300.jpg]
[sweethome.marstheme.com/wp-content/uploads/2013/06/cd_6_flat.jpg]
[sweethome.marstheme.com/wp-content/uploads/2013/06/cd_6_flat-90x90.jpg]
[sweethome.marstheme.com/product/woo-single-2/index.html]
[sweethome.marstheme.com/shop/page/2/index7fd8.html]
[sweethome.marstheme.com/product/woo-single-2/indexb4c4.html]
[sweethome.marstheme.com/product/woo-single-2/index5f99.html]
[sweethome.marstheme.com/shop/page/1/index.html]
[sweethome.marstheme.com/status/for-rent/page/2/index.html]
[sweethome.marstheme.com/property_tag/amet/page/2/index.html]
[sweethome.marstheme.com/property_tag/curabitur/page/2/index.html]
[sweethome.marstheme.com/property_tag/egestas/page/2/index.html]
[sweethome.marstheme.com/property_tag/hendrerit/page/2/index.html]
[sweethome.marstheme.com/property_tag/rhoncus/page/2/index.html]
[sweethome.marstheme.com/2014/page/2/index.html]
[sweethome.marstheme.com/wp-includes/css/buttons.min3a05.css]
[sweethome.marstheme.com/wp-includes/fonts/dashicons.eot]
[sweethome.marstheme.com/wp-includes/css/dashicons.min3a05.css]
[sweethome.marstheme.com/wp-admin/images/loading.gif]
[sweethome.marstheme.com/wp-admin/images/w-logo-blue7a53.png]
[sweethome.marstheme.com/wp-admin/css/login.min3a05.css]
[sweethome.marstheme.com/wp-admin/&reauth=1.html]
[sweethome.marstheme.com/product-category/posters/indexec74.html]
[sweethome.marstheme.com/product-category/posters/index7996.html]
[sweethome.marstheme.com/product-category/posters/indexb29f.html]
[sweethome.marstheme.com/product-category/posters/index70f8.html]
[sweethome.marstheme.com/product-category/posters/indexea61.html]
[sweethome.marstheme.com/product/woo-logo-3/indexec74.html]
[sweethome.marstheme.com/product/woo-logo-3/indexb29f.html]
[sweethome.marstheme.com/product/flying-ninja/index7996.html]
[sweethome.marstheme.com/product/flying-ninja/indexb29f.html]
[sweethome.marstheme.com/product/woo-ninja-3/index7996.html]
[sweethome.marstheme.com/product/woo-ninja-3/indexec74.html]
[sweethome.marstheme.com/product/woo-logo-3/indexea61.html]
[sweethome.marstheme.com/product/woo-logo-3/index7996.html]
[sweethome.marstheme.com/shop/page/1/indexec74.html]
[sweethome.marstheme.com/product/woo-ninja/index4837.html]
[sweethome.marstheme.com/product-category/clothing/index8080.html]
[sweethome.marstheme.com/product-category/clothing/indexb117.html]
[sweethome.marstheme.com/product-category/clothing/index56cd.html]
[sweethome.marstheme.com/product-category/clothing/index3cea.html]
[sweethome.marstheme.com/product-category/clothing/index2cda.html]
[sweethome.marstheme.com/product-category/clothing/index0be3.html]
[sweethome.marstheme.com/product-category/clothing/indexd685.html]
[sweethome.marstheme.com/product-category/clothing/index8992.html]
[sweethome.marstheme.com/product-category/clothing/index274e.html]
[sweethome.marstheme.com/product-category/clothing/index4837.html]
[sweethome.marstheme.com/product-category/clothing/t-shirts/index8080.html]
[sweethome.marstheme.com/product-category/clothing/t-shirts/index56cd.html]
[sweethome.marstheme.com/product-category/clothing/t-shirts/index0be3.html]
[sweethome.marstheme.com/product-category/clothing/t-shirts/indexd685.html]
[sweethome.marstheme.com/product-category/clothing/t-shirts/index274e.html]
[sweethome.marstheme.com/shop/page/1/index8080.html]
[sweethome.marstheme.com/product-category/clothing/hoodies/indexb117.html]
[sweethome.marstheme.com/product-category/clothing/hoodies/index3cea.html]
[sweethome.marstheme.com/product-category/clothing/hoodies/index2cda.html]
[sweethome.marstheme.com/product-category/clothing/hoodies/index8992.html]
[sweethome.marstheme.com/product-category/clothing/hoodies/index4837.html]
[sweethome.marstheme.com/product/woo-ninja-2/index8080.html]
[sweethome.marstheme.com/shop/page/1/indexb117.html]
[sweethome.marstheme.com/product/ninja-silhouette/index8080.html]
[sweethome.marstheme.com/product/ninja-silhouette/index274e.html]
[sweethome.marstheme.com/product/woo-ninja-3/indexb29f.html]
[sweethome.marstheme.com/shop/page/1/index56cd.html]
[sweethome.marstheme.com/product/woo-ninja/index8080.html]
[sweethome.marstheme.com/product/woo-logo-2/index274e.html]
[sweethome.marstheme.com/product/woo-ninja-2/index56cd.html]
[sweethome.marstheme.com/product/woo-logo-2/index56cd.html]
[sweethome.marstheme.com/product/ninja-silhouette/index8992.html]
[sweethome.marstheme.com/product/ninja-silhouette/index3cea.html]
[sweethome.marstheme.com/product/ninja-silhouette-2/index8080.html]
[sweethome.marstheme.com/product/woo-logo-2/index8080.html]
[sweethome.marstheme.com/shop/page/1/index3cea.html]
[sweethome.marstheme.com/product/woo-logo-2/index4837.html]
[sweethome.marstheme.com/product/patient-ninja/index8080.html]
[sweethome.marstheme.com/product/patient-ninja/index274e.html]
[sweethome.marstheme.com/product/woo-logo-2/index2cda.html]
[sweethome.marstheme.com/product/patient-ninja/index56cd.html]
[sweethome.marstheme.com/product/ninja-silhouette-2/index0be3.html]
[sweethome.marstheme.com/shop/page/1/index2cda.html]
[sweethome.marstheme.com/product/ninja-silhouette-2/indexd685.html]
[sweethome.marstheme.com/product/woo-logo/index2cda.html]
[sweethome.marstheme.com/product/patient-ninja/indexb117.html]
[sweethome.marstheme.com/product/woo-logo/index4837.html]
[sweethome.marstheme.com/product/patient-ninja/index0be3.html]
[sweethome.marstheme.com/product/patient-ninja/indexd685.html]
[sweethome.marstheme.com/product/premium-quality/index3cea.html]
[sweethome.marstheme.com/product/premium-quality/indexb117.html]
[sweethome.marstheme.com/product/premium-quality/index56cd.html]
[sweethome.marstheme.com/shop/page/1/index0be3.html]
[sweethome.marstheme.com/product/premium-quality-2/indexea61.html]
[sweethome.marstheme.com/product/premium-quality-2/index70f8.html]
[sweethome.marstheme.com/shop/page/1/index7996.html]
[sweethome.marstheme.com/product/ship-your-idea/index274e.html]
[sweethome.marstheme.com/product/ship-your-idea/indexb117.html]
[sweethome.marstheme.com/product/ship-your-idea/index2cda.html]
[sweethome.marstheme.com/product/woo-logo/indexb117.html]
[sweethome.marstheme.com/product/ship-your-idea-2/index56cd.html]
[sweethome.marstheme.com/product/ship-your-idea-2/index274e.html]
[sweethome.marstheme.com/product/ship-your-idea-2/index3cea.html]
[sweethome.marstheme.com/product/woo-logo/index3cea.html]
[sweethome.marstheme.com/product/ship-your-idea-2/index8992.html]
[sweethome.marstheme.com/product/ship-your-idea/index4837.html]
[sweethome.marstheme.com/product/ship-your-idea-3/indexea61.html]
[sweethome.marstheme.com/product/ship-your-idea-2/index0be3.html]
[sweethome.marstheme.com/product/ship-your-idea/index8080.html]
[sweethome.marstheme.com/shop/page/1/indexb29f.html]
[sweethome.marstheme.com/product/woo-album-2/indexd28c.html]
[sweethome.marstheme.com/product/woo-album-2/index518a.html]
[sweethome.marstheme.com/product-category/music/indexb4c4.html]
[sweethome.marstheme.com/product-category/music/index5f99.html]
[sweethome.marstheme.com/product-category/music/index518a.html]
[sweethome.marstheme.com/product-category/music/index92a5.html]
[sweethome.marstheme.com/product-category/music/indexd28c.html]
[sweethome.marstheme.com/product-category/music/index7fd8.html]
[sweethome.marstheme.com/product-category/music/albums/indexb4c4.html]
[sweethome.marstheme.com/product-category/music/albums/index5f99.html]
[sweethome.marstheme.com/product-category/music/albums/index518a.html]
[sweethome.marstheme.com/product-category/music/albums/index92a5.html]
[sweethome.marstheme.com/product/woo-album-1/index92a5.html]
[sweethome.marstheme.com/product/woo-album-1/indexd28c.html]
[sweethome.marstheme.com/product/woo-album-3/indexb4c4.html]
[sweethome.marstheme.com/product/ship-your-idea-2/indexb117.html]
[sweethome.marstheme.com/product/woo-album-3/index5f99.html]
[sweethome.marstheme.com/product/ship-your-idea-2/index2cda.html]
[sweethome.marstheme.com/product/woo-album-1/index7fd8.html]
[sweethome.marstheme.com/shop/page/1/indexb4c4.html]
[sweethome.marstheme.com/shop/page/1/index5f99.html]
[sweethome.marstheme.com/product/woo-album-2/index92a5.html]
[sweethome.marstheme.com/shop/page/1/index518a.html]
[sweethome.marstheme.com/product/woo-album-3/indexd28c.html]
[sweethome.marstheme.com/product/woo-album-4/indexb4c4.html]
[sweethome.marstheme.com/product/woo-album-3/index92a5.html]
[sweethome.marstheme.com/shop/index5f99.html]
[sweethome.marstheme.com/product/woo-album-4/index5f99.html]
[sweethome.marstheme.com/shop/page/1/index92a5.html]
[sweethome.marstheme.com/shop/index518a.html]
[sweethome.marstheme.com/shop/page/1/indexd685.html]
[sweethome.marstheme.com/product/woo-album-4/index518a.html]
[sweethome.marstheme.com/shop/page/1/index8992.html]
[sweethome.marstheme.com/product/woo-album-4/indexd28c.html]
[sweethome.marstheme.com/shop/page/1/index70f8.html]
[sweethome.marstheme.com/shop/index92a5.html]
[sweethome.marstheme.com/shop/indexd685.html]
[sweethome.marstheme.com/shop/page/1/index274e.html]
[sweethome.marstheme.com/shop/page/1/index4837.html]
[sweethome.marstheme.com/shop/index8992.html]
[sweethome.marstheme.com/shop/page/1/indexea61.html]
[sweethome.marstheme.com/shop/index70f8.html]
[sweethome.marstheme.com/product-category/music/singles/index.html]
[sweethome.marstheme.com/shop/index274e.html]
[sweethome.marstheme.com/shop/index4837.html]
[sweethome.marstheme.com/product/woo-single-1/index92a5.html]
[sweethome.marstheme.com/shop/indexea61.html]
[sweethome.marstheme.com/shop/feed/index3b5c.html]
[sweethome.marstheme.com/product/woo-single-1/index7fd8.html]
[sweethome.marstheme.com/shop/page/1/indexd28c.html]
[sweethome.marstheme.com/product-category/music/singles/index7fd8.html]
[sweethome.marstheme.com/product/woo-single-2/indexb4c4.html]
[sweethome.marstheme.com/product-category/music/singles/indexd28c.html]
[sweethome.marstheme.com/shop/indexd28c.html]
[sweethome.marstheme.com/product/woo-single-2/index5f99.html]
[sweethome.marstheme.com/shop/page/1/index7fd8.html]
[sweethome.marstheme.com/product/woo-single-1/index518a.html]
[sweethome.marstheme.com/wp-admin/images/wordpress-logo7d6b.svg]
[sweethome.marstheme.com/product/woo-logo-3/indexea61.html]
[sweethome.marstheme.com/product/woo-logo-3/index7996.html]
[sweethome.marstheme.com/product/woo-ninja-3/indexb29f.html]
[sweethome.marstheme.com/product/woo-ninja/index8080.html]
[sweethome.marstheme.com/product/woo-single-2/index518a.html]
[sweethome.marstheme.com/product/woo-ninja-2/index56cd.html]
[sweethome.marstheme.com/product/woo-single-2/indexd28c.html]
[sweethome.marstheme.com/shop/index7fd8.html]
[sweethome.marstheme.com/product/ninja-silhouette/index8992.html]
[sweethome.marstheme.com/product/ninja-silhouette/index3cea.html]
[sweethome.marstheme.com/product/woo-logo-2/index8080.html]
[sweethome.marstheme.com/product/woo-ninja/index56cd.html]
[sweethome.marstheme.com/product/woo-logo-2/index4837.html]
[sweethome.marstheme.com/product/woo-logo-2/index2cda.html]
[sweethome.marstheme.com/product/woo-ninja-2/index274e.html]
[sweethome.marstheme.com/product/ninja-silhouette-2/index0be3.html]
[sweethome.marstheme.com/product/woo-logo-2/indexb117.html]
[sweethome.marstheme.com/product/woo-logo-2/index3cea.html]
[sweethome.marstheme.com/product/woo-logo-2/index0be3.html]
[sweethome.marstheme.com/product/ninja-silhouette-2/indexd685.html]
[sweethome.marstheme.com/product/patient-ninja/indexb117.html]
[sweethome.marstheme.com/product/ninja-silhouette-2/index8992.html]
[sweethome.marstheme.com/product/patient-ninja/index0be3.html]
[sweethome.marstheme.com/product/patient-ninja/indexd685.html]
[sweethome.marstheme.com/product/woo-logo/indexb117.html]
[sweethome.marstheme.com/product/woo-logo/index3cea.html]
[sweethome.marstheme.com/product/ninja-silhouette-2/indexb117.html]
[sweethome.marstheme.com/product/ship-your-idea/index8080.html]
[sweethome.marstheme.com/product/ninja-silhouette-2/index2cda.html]
[sweethome.marstheme.com/product/ship-your-idea/index4837.html]
[sweethome.marstheme.com/product/patient-ninja/index4837.html]
[sweethome.marstheme.com/product/ship-your-idea-2/index0be3.html]
[sweethome.marstheme.com/product/ship-your-idea-2/indexb117.html]
[sweethome.marstheme.com/product/ship-your-idea-2/index2cda.html]
[sweethome.marstheme.com/product/woo-album-2/index92a5.html]
[sweethome.marstheme.com/product/woo-logo/index0be3.html]
[sweethome.marstheme.com/product/woo-album-3/indexd28c.html]
[sweethome.marstheme.com/product/ship-your-idea/index3cea.html]
[sweethome.marstheme.com/product/woo-album-3/index92a5.html]
[sweethome.marstheme.com/shop/index5f99.html]
[sweethome.marstheme.com/shop/index518a.html]
[sweethome.marstheme.com/product/woo-album-4/index518a.html]
[sweethome.marstheme.com/product/woo-album-4/indexd28c.html]
[sweethome.marstheme.com/shop/index92a5.html]
[sweethome.marstheme.com/shop/indexd685.html]
[sweethome.marstheme.com/shop/index8992.html]
[sweethome.marstheme.com/shop/index70f8.html]
[sweethome.marstheme.com/shop/index274e.html]
[sweethome.marstheme.com/shop/index4837.html]
[sweethome.marstheme.com/shop/indexea61.html]
[sweethome.marstheme.com/product-category/music/singles/indexd28c.html]
[sweethome.marstheme.com/product-category/music/singles/index7fd8.html]
[sweethome.marstheme.com/product/woo-single-1/index518a.html]
[sweethome.marstheme.com/product/ship-your-idea/index8992.html]
[sweethome.marstheme.com/product/woo-album-2/index7fd8.html]
[sweethome.marstheme.com/shop/indexd28c.html]
[sweethome.marstheme.com/product/woo-single-2/index518a.html]
[sweethome.marstheme.com/product/woo-single-2/indexd28c.html]
[sweethome.marstheme.com/shop/index7fd8.html]
[sweethome.marstheme.com/product/woo-ninja/index56cd.html]
[sweethome.marstheme.com/product/woo-ninja-2/index274e.html]
[sweethome.marstheme.com/product/woo-album-3/index7fd8.html]
[sweethome.marstheme.com/product/woo-logo-2/index3cea.html]
[sweethome.marstheme.com/product/woo-logo-2/indexb117.html]
[sweethome.marstheme.com/product/woo-logo-2/index0be3.html]
[sweethome.marstheme.com/product/ninja-silhouette-2/index8992.html]
[sweethome.marstheme.com/product/ninja-silhouette-2/indexb117.html]
[sweethome.marstheme.com/product/ninja-silhouette-2/index2cda.html]
[sweethome.marstheme.com/product/patient-ninja/index4837.html]
[sweethome.marstheme.com/product/woo-logo/index0be3.html]
[sweethome.marstheme.com/product/woo-single-1/index5f99.html]
[sweethome.marstheme.com/product/ship-your-idea/index3cea.html]
[sweethome.marstheme.com/product/woo-single-2/index92a5.html]
[sweethome.marstheme.com/product/woo-ninja-2/index0be3.html]
[sweethome.marstheme.com/product/ship-your-idea/index8992.html]
[sweethome.marstheme.com/product/woo-album-2/index7fd8.html]
[sweethome.marstheme.com/product/woo-album-3/index7fd8.html]
[sweethome.marstheme.com/product/woo-single-1/index5f99.html]
[sweethome.marstheme.com/product/woo-single-2/index92a5.html]
[sweethome.marstheme.com/product/woo-ninja-2/index0be3.html]
[sweethome.marstheme.com/product/woo-logo/index274e.html]
[sweethome.marstheme.com/product/woo-logo/index274e.html]
[sweethome.marstheme.com/product/woo-logo/index8080.html]
[sweethome.marstheme.com/product/woo-logo/index8080.html]
[sweethome.marstheme.com/product/woo-ninja-2/indexd685.html]
[sweethome.marstheme.com/product/woo-ninja-2/indexd685.html]
[sweethome.marstheme.com/product/woo-logo/index56cd.html]
[sweethome.marstheme.com/product/woo-logo/index56cd.html]
